Archive:  submissions/semantic_pose_landslide_selfcompress/archive.zip
 extracting: submissions/semantic_pose_landslide_selfcompress/archive/p
/home/vhpnk/Work/comma-leaderboard/video-compression/.venv/lib/python3.11/site-packages/torch/backends/__init__.py:46: UserWarning: Please use the new API settings to control TF32 behavior, such as torch.backends.cudnn.conv.fp32_precision = 'tf32' or torch.backends.cuda.matmul.fp32_precision = 'ieee'. Old settings, e.g, torch.backends.cuda.matmul.allow_tf32 = True, torch.backends.cudnn.allow_tf32 = True, allowTF32CuDNN() and allowTF32CuBLAS() will be deprecated after Pytorch 2.9. Please see https://pytorch.org/docs/main/notes/cuda.html#tensorfloat-32-tf32-on-ampere-and-later-devices (Triggered internally at /pytorch/aten/src/ATen/Context.cpp:80.)
  self.setter(val)
decoded tokens 1/600 in 0.3s
decoded tokens 50/600 in 9.8s
decoded tokens 100/600 in 19.4s
decoded tokens 150/600 in 29.1s
decoded tokens 200/600 in 38.8s
decoded tokens 250/600 in 48.4s
decoded tokens 300/600 in 58.0s
decoded tokens 350/600 in 67.6s
decoded tokens 400/600 in 77.2s
decoded tokens 450/600 in 86.9s
decoded tokens 500/600 in 96.5s
decoded tokens 550/600 in 106.2s
decoded tokens 600/600 in 115.9s
rendered masters 200/600 in 3.7s
rendered masters 400/600 in 7.3s
rendered masters 600/600 in 11.0s
rendered carriers 64/600 in 11.2s
rendered carriers 128/600 in 11.5s
rendered carriers 192/600 in 11.8s
rendered carriers 256/600 in 12.1s
rendered carriers 320/600 in 12.4s
rendered carriers 384/600 in 12.7s
rendered carriers 448/600 in 13.0s
rendered carriers 512/600 in 13.3s
rendered carriers 576/600 in 13.7s
rendered carriers 600/600 in 13.8s
wrote submissions/semantic_pose_landslide_selfcompress/inflated/0.raw (3662409600 bytes)
All videos inflated to submissions/semantic_pose_landslide_selfcompress/inflated
=== Evaluation config ===
  batch_size: 16
  device: cuda
  num_threads: 2
  prefetch_queue_depth: 4
  report: submissions/semantic_pose_landslide_selfcompress/report.txt
  seed: 1234
  submission_dir: submissions/semantic_pose_landslide_selfcompress
  uncompressed_dir: /home/vhpnk/Work/comma-leaderboard/video-compression/videos
  video_names_file: public_test_video_names.txt
DaliVideoDataset on rank 0 with 1 files.
TensorVideoDataset on rank 0 with 1 files.

0it [00:00, ?it/s]/home/vhpnk/Work/comma-leaderboard/video-compression/frame_utils.py:232: UserWarning: The given NumPy array is not writable, and PyTorch does not support non-writable tensors. This means writing to this tensor will result in undefined behavior. You may want to copy the array to protect its data or make it writable before converting it to a tensor. This type of warning will be suppressed for the rest of this program. (Triggered internally at /pytorch/torch/csrc/utils/tensor_numpy.cpp:206.)
  frames = torch.from_numpy(mm)  # (N, H, W, C), shares mmap memory

1it [00:00,  1.44it/s]
3it [00:00,  3.53it/s]
4it [00:01,  3.97it/s]
5it [00:01,  4.31it/s]
6it [00:01,  4.57it/s]
7it [00:01,  4.75it/s]
8it [00:01,  4.88it/s]
9it [00:02,  4.98it/s]
10it [00:02,  5.05it/s]
11it [00:02,  5.09it/s]
12it [00:02,  5.12it/s]
13it [00:02,  5.15it/s]
14it [00:03,  5.17it/s]
15it [00:03,  5.18it/s]
16it [00:03,  5.19it/s]
17it [00:03,  5.20it/s]
18it [00:03,  5.21it/s]
19it [00:04,  5.21it/s]
20it [00:04,  5.21it/s]
21it [00:04,  5.22it/s]
22it [00:04,  5.22it/s]
23it [00:04,  5.21it/s]
24it [00:05,  5.22it/s]
25it [00:05,  5.22it/s]
26it [00:05,  5.22it/s]
27it [00:05,  5.22it/s]
28it [00:05,  5.21it/s]
29it [00:05,  5.21it/s]
30it [00:06,  5.21it/s]
31it [00:06,  5.21it/s]
32it [00:06,  5.21it/s]
33it [00:06,  5.22it/s]
34it [00:06,  5.22it/s]
35it [00:07,  5.23it/s]
36it [00:07,  5.19it/s]
37it [00:07,  5.18it/s]
38it [00:07,  4.54it/s]
38it [00:07,  4.86it/s]
=== Evaluation results over 600 samples ===
  Average PoseNet Distortion: 0.00001948
  Average SegNet Distortion: 0.00029598
  Submission file size: 191,052 bytes
  Original uncompressed size: 37,545,489 bytes
  Compression Rate: 0.00508855
  Final score: 100*segnet_dist + √(10*posenet_dist) + 25*rate = 0.17
Evaluation complete. Report saved to submissions/semantic_pose_landslide_selfcompress/report.txt
